ERROR - 2025-03-06 11:46:41 --> mysqli_sql_exception: Unknown column 't.tipo_trampa' in 'SELECT' in C:\xampp\htdocs\Servipro_pruebareal\vendor\codeigniter4\framework\system\Database\MySQLi\Connection.php:327
Stack trace:
#0 C:\xampp\htdocs\Servipro_pruebareal\vendor\codeigniter4\framework\system\Database\MySQLi\Connection.php(327): mysqli->query('SELECT `i`.*, `...', 0)
#1 C:\xampp\htdocs\Servipro_pruebareal\vendor\codeigniter4\framework\system\Database\BaseConnection.php(738): CodeIgniter\Database\MySQLi\Connection->execute('SELECT `i`.*, `...')
#2 C:\xampp\htdocs\Servipro_pruebareal\vendor\codeigniter4\framework\system\Database\BaseConnection.php(652): CodeIgniter\Database\BaseConnection->simpleQuery('SELECT `i`.*, `...')
#3 C:\xampp\htdocs\Servipro_pruebareal\vendor\codeigniter4\framework\system\Database\BaseBuilder.php(1649): CodeIgniter\Database\BaseConnection->query('SELECT `i`.*, `...', Array, false)
#4 C:\xampp\htdocs\Servipro_pruebareal\app\Controllers\Locations.php(42): CodeIgniter\Database\BaseBuilder->get()
#5 C:\xampp\htdocs\Servipro_pruebareal\vendor\codeigniter4\framework\system\CodeIgniter.php(933): App\Controllers\Locations->index()
#6 C:\xampp\htdocs\Servipro_pruebareal\vendor\codeigniter4\framework\system\CodeIgniter.php(507): CodeIgniter\CodeIgniter->runController(Object(App\Controllers\Locations))
#7 C:\xampp\htdocs\Servipro_pruebareal\vendor\codeigniter4\framework\system\CodeIgniter.php(354): CodeIgniter\CodeIgniter->handleRequest(NULL, Object(Config\Cache), false)
#8 C:\xampp\htdocs\Servipro_pruebareal\vendor\codeigniter4\framework\system\Boot.php(334): CodeIgniter\CodeIgniter->run()
#9 C:\xampp\htdocs\Servipro_pruebareal\vendor\codeigniter4\framework\system\Boot.php(67): CodeIgniter\Boot::runCodeIgniter(Object(CodeIgniter\CodeIgniter))
#10 C:\xampp\htdocs\Servipro_pruebareal\public\index.php(56): CodeIgniter\Boot::bootWeb(Object(Config\Paths))
#11 {main}
CRITICAL - 2025-03-06 11:46:41 --> CodeIgniter\Database\Exceptions\DatabaseException: Unknown column 't.tipo_trampa' in 'SELECT'
[Method: GET, Route: locations]
in SYSTEMPATH\Database\BaseConnection.php on line 692.
 1 SYSTEMPATH\Database\BaseBuilder.php(1649): CodeIgniter\Database\BaseConnection->query('SELECT `i`.*, `t`.`tipo_trampa`
FROM `incidencias` `i`
JOIN `trampas` `t` ON `i`.`id_trampa` = `t`.`id`
WHERE `t`.`sede_id` = :t.sede_id:', [...], false)
 2 APPPATH\Controllers\Locations.php(42): CodeIgniter\Database\BaseBuilder->get()
 3 SYSTEMPATH\CodeIgniter.php(933): App\Controllers\Locations->index()
 4 SYSTEMPATH\CodeIgniter.php(507): CodeIgniter\CodeIgniter->runController(Object(App\Controllers\Locations))
 5 SYSTEMPATH\CodeIgniter.php(354): CodeIgniter\CodeIgniter->handleRequest(null, Object(Config\Cache), false)
 6 SYSTEMPATH\Boot.php(334): CodeIgniter\CodeIgniter->run()
 7 SYSTEMPATH\Boot.php(67): CodeIgniter\Boot::runCodeIgniter(Object(CodeIgniter\CodeIgniter))
 8 FCPATH\index.php(56): CodeIgniter\Boot::bootWeb(Object(Config\Paths))
CRITICAL - 2025-03-06 11:46:41 --> [Caused by] CodeIgniter\Database\Exceptions\DatabaseException: Unknown column 't.tipo_trampa' in 'SELECT'
in SYSTEMPATH\Database\MySQLi\Connection.php on line 332.
 1 SYSTEMPATH\Database\BaseConnection.php(738): CodeIgniter\Database\MySQLi\Connection->execute('SELECT `i`.*, `t`.`tipo_trampa`
FROM `incidencias` `i`
JOIN `trampas` `t` ON `i`.`id_trampa` = `t`.`id`
WHERE `t`.`sede_id` = \'3\'')
 2 SYSTEMPATH\Database\BaseConnection.php(652): CodeIgniter\Database\BaseConnection->simpleQuery('SELECT `i`.*, `t`.`tipo_trampa`
FROM `incidencias` `i`
JOIN `trampas` `t` ON `i`.`id_trampa` = `t`.`id`
WHERE `t`.`sede_id` = \'3\'')
 3 SYSTEMPATH\Database\BaseBuilder.php(1649): CodeIgniter\Database\BaseConnection->query('SELECT `i`.*, `t`.`tipo_trampa`
FROM `incidencias` `i`
JOIN `trampas` `t` ON `i`.`id_trampa` = `t`.`id`
WHERE `t`.`sede_id` = :t.sede_id:', [...], false)
 4 APPPATH\Controllers\Locations.php(42): CodeIgniter\Database\BaseBuilder->get()
 5 SYSTEMPATH\CodeIgniter.php(933): App\Controllers\Locations->index()
 6 SYSTEMPATH\CodeIgniter.php(507): CodeIgniter\CodeIgniter->runController(Object(App\Controllers\Locations))
 7 SYSTEMPATH\CodeIgniter.php(354): CodeIgniter\CodeIgniter->handleRequest(null, Object(Config\Cache), false)
 8 SYSTEMPATH\Boot.php(334): CodeIgniter\CodeIgniter->run()
 9 SYSTEMPATH\Boot.php(67): CodeIgniter\Boot::runCodeIgniter(Object(CodeIgniter\CodeIgniter))
10 FCPATH\index.php(56): CodeIgniter\Boot::bootWeb(Object(Config\Paths))
CRITICAL - 2025-03-06 11:46:41 --> [Caused by] mysqli_sql_exception: Unknown column 't.tipo_trampa' in 'SELECT'
in SYSTEMPATH\Database\MySQLi\Connection.php on line 327.
 1 SYSTEMPATH\Database\MySQLi\Connection.php(327): mysqli->query('SELECT `i`.*, `t`.`tipo_trampa`
FROM `incidencias` `i`
JOIN `trampas` `t` ON `i`.`id_trampa` = `t`.`id`
WHERE `t`.`sede_id` = \'3\'', 0)
 2 SYSTEMPATH\Database\BaseConnection.php(738): CodeIgniter\Database\MySQLi\Connection->execute('SELECT `i`.*, `t`.`tipo_trampa`
FROM `incidencias` `i`
JOIN `trampas` `t` ON `i`.`id_trampa` = `t`.`id`
WHERE `t`.`sede_id` = \'3\'')
 3 SYSTEMPATH\Database\BaseConnection.php(652): CodeIgniter\Database\BaseConnection->simpleQuery('SELECT `i`.*, `t`.`tipo_trampa`
FROM `incidencias` `i`
JOIN `trampas` `t` ON `i`.`id_trampa` = `t`.`id`
WHERE `t`.`sede_id` = \'3\'')
 4 SYSTEMPATH\Database\BaseBuilder.php(1649): CodeIgniter\Database\BaseConnection->query('SELECT `i`.*, `t`.`tipo_trampa`
FROM `incidencias` `i`
JOIN `trampas` `t` ON `i`.`id_trampa` = `t`.`id`
WHERE `t`.`sede_id` = :t.sede_id:', [...], false)
 5 APPPATH\Controllers\Locations.php(42): CodeIgniter\Database\BaseBuilder->get()
 6 SYSTEMPATH\CodeIgniter.php(933): App\Controllers\Locations->index()
 7 SYSTEMPATH\CodeIgniter.php(507): CodeIgniter\CodeIgniter->runController(Object(App\Controllers\Locations))
 8 SYSTEMPATH\CodeIgniter.php(354): CodeIgniter\CodeIgniter->handleRequest(null, Object(Config\Cache), false)
 9 SYSTEMPATH\Boot.php(334): CodeIgniter\CodeIgniter->run()
10 SYSTEMPATH\Boot.php(67): CodeIgniter\Boot::runCodeIgniter(Object(CodeIgniter\CodeIgniter))
11 FCPATH\index.php(56): CodeIgniter\Boot::bootWeb(Object(Config\Paths))
ERROR - 2025-03-06 11:47:10 --> mysqli_sql_exception: Unknown column 't.tipo_trampa' in 'SELECT' in C:\xampp\htdocs\Servipro_pruebareal\vendor\codeigniter4\framework\system\Database\MySQLi\Connection.php:327
Stack trace:
#0 C:\xampp\htdocs\Servipro_pruebareal\vendor\codeigniter4\framework\system\Database\MySQLi\Connection.php(327): mysqli->query('SELECT `i`.*, `...', 0)
#1 C:\xampp\htdocs\Servipro_pruebareal\vendor\codeigniter4\framework\system\Database\BaseConnection.php(738): CodeIgniter\Database\MySQLi\Connection->execute('SELECT `i`.*, `...')
#2 C:\xampp\htdocs\Servipro_pruebareal\vendor\codeigniter4\framework\system\Database\BaseConnection.php(652): CodeIgniter\Database\BaseConnection->simpleQuery('SELECT `i`.*, `...')
#3 C:\xampp\htdocs\Servipro_pruebareal\vendor\codeigniter4\framework\system\Database\BaseBuilder.php(1649): CodeIgniter\Database\BaseConnection->query('SELECT `i`.*, `...', Array, false)
#4 C:\xampp\htdocs\Servipro_pruebareal\app\Controllers\Locations.php(42): CodeIgniter\Database\BaseBuilder->get()
#5 C:\xampp\htdocs\Servipro_pruebareal\vendor\codeigniter4\framework\system\CodeIgniter.php(933): App\Controllers\Locations->index()
#6 C:\xampp\htdocs\Servipro_pruebareal\vendor\codeigniter4\framework\system\CodeIgniter.php(507): CodeIgniter\CodeIgniter->runController(Object(App\Controllers\Locations))
#7 C:\xampp\htdocs\Servipro_pruebareal\vendor\codeigniter4\framework\system\CodeIgniter.php(354): CodeIgniter\CodeIgniter->handleRequest(NULL, Object(Config\Cache), false)
#8 C:\xampp\htdocs\Servipro_pruebareal\vendor\codeigniter4\framework\system\Boot.php(334): CodeIgniter\CodeIgniter->run()
#9 C:\xampp\htdocs\Servipro_pruebareal\vendor\codeigniter4\framework\system\Boot.php(67): CodeIgniter\Boot::runCodeIgniter(Object(CodeIgniter\CodeIgniter))
#10 C:\xampp\htdocs\Servipro_pruebareal\public\index.php(56): CodeIgniter\Boot::bootWeb(Object(Config\Paths))
#11 {main}
CRITICAL - 2025-03-06 11:47:10 --> CodeIgniter\Database\Exceptions\DatabaseException: Unknown column 't.tipo_trampa' in 'SELECT'
[Method: GET, Route: locations]
in SYSTEMPATH\Database\BaseConnection.php on line 692.
 1 SYSTEMPATH\Database\BaseBuilder.php(1649): CodeIgniter\Database\BaseConnection->query('SELECT `i`.*, `t`.`tipo_trampa`
FROM `incidencias` `i`
JOIN `trampas` `t` ON `i`.`id_trampa` = `t`.`id`
WHERE `t`.`sede_id` = :t.sede_id:', [...], false)
 2 APPPATH\Controllers\Locations.php(42): CodeIgniter\Database\BaseBuilder->get()
 3 SYSTEMPATH\CodeIgniter.php(933): App\Controllers\Locations->index()
 4 SYSTEMPATH\CodeIgniter.php(507): CodeIgniter\CodeIgniter->runController(Object(App\Controllers\Locations))
 5 SYSTEMPATH\CodeIgniter.php(354): CodeIgniter\CodeIgniter->handleRequest(null, Object(Config\Cache), false)
 6 SYSTEMPATH\Boot.php(334): CodeIgniter\CodeIgniter->run()
 7 SYSTEMPATH\Boot.php(67): CodeIgniter\Boot::runCodeIgniter(Object(CodeIgniter\CodeIgniter))
 8 FCPATH\index.php(56): CodeIgniter\Boot::bootWeb(Object(Config\Paths))
CRITICAL - 2025-03-06 11:47:10 --> [Caused by] CodeIgniter\Database\Exceptions\DatabaseException: Unknown column 't.tipo_trampa' in 'SELECT'
in SYSTEMPATH\Database\MySQLi\Connection.php on line 332.
 1 SYSTEMPATH\Database\BaseConnection.php(738): CodeIgniter\Database\MySQLi\Connection->execute('SELECT `i`.*, `t`.`tipo_trampa`
FROM `incidencias` `i`
JOIN `trampas` `t` ON `i`.`id_trampa` = `t`.`id`
WHERE `t`.`sede_id` = \'3\'')
 2 SYSTEMPATH\Database\BaseConnection.php(652): CodeIgniter\Database\BaseConnection->simpleQuery('SELECT `i`.*, `t`.`tipo_trampa`
FROM `incidencias` `i`
JOIN `trampas` `t` ON `i`.`id_trampa` = `t`.`id`
WHERE `t`.`sede_id` = \'3\'')
 3 SYSTEMPATH\Database\BaseBuilder.php(1649): CodeIgniter\Database\BaseConnection->query('SELECT `i`.*, `t`.`tipo_trampa`
FROM `incidencias` `i`
JOIN `trampas` `t` ON `i`.`id_trampa` = `t`.`id`
WHERE `t`.`sede_id` = :t.sede_id:', [...], false)
 4 APPPATH\Controllers\Locations.php(42): CodeIgniter\Database\BaseBuilder->get()
 5 SYSTEMPATH\CodeIgniter.php(933): App\Controllers\Locations->index()
 6 SYSTEMPATH\CodeIgniter.php(507): CodeIgniter\CodeIgniter->runController(Object(App\Controllers\Locations))
 7 SYSTEMPATH\CodeIgniter.php(354): CodeIgniter\CodeIgniter->handleRequest(null, Object(Config\Cache), false)
 8 SYSTEMPATH\Boot.php(334): CodeIgniter\CodeIgniter->run()
 9 SYSTEMPATH\Boot.php(67): CodeIgniter\Boot::runCodeIgniter(Object(CodeIgniter\CodeIgniter))
10 FCPATH\index.php(56): CodeIgniter\Boot::bootWeb(Object(Config\Paths))
CRITICAL - 2025-03-06 11:47:10 --> [Caused by] mysqli_sql_exception: Unknown column 't.tipo_trampa' in 'SELECT'
in SYSTEMPATH\Database\MySQLi\Connection.php on line 327.
 1 SYSTEMPATH\Database\MySQLi\Connection.php(327): mysqli->query('SELECT `i`.*, `t`.`tipo_trampa`
FROM `incidencias` `i`
JOIN `trampas` `t` ON `i`.`id_trampa` = `t`.`id`
WHERE `t`.`sede_id` = \'3\'', 0)
 2 SYSTEMPATH\Database\BaseConnection.php(738): CodeIgniter\Database\MySQLi\Connection->execute('SELECT `i`.*, `t`.`tipo_trampa`
FROM `incidencias` `i`
JOIN `trampas` `t` ON `i`.`id_trampa` = `t`.`id`
WHERE `t`.`sede_id` = \'3\'')
 3 SYSTEMPATH\Database\BaseConnection.php(652): CodeIgniter\Database\BaseConnection->simpleQuery('SELECT `i`.*, `t`.`tipo_trampa`
FROM `incidencias` `i`
JOIN `trampas` `t` ON `i`.`id_trampa` = `t`.`id`
WHERE `t`.`sede_id` = \'3\'')
 4 SYSTEMPATH\Database\BaseBuilder.php(1649): CodeIgniter\Database\BaseConnection->query('SELECT `i`.*, `t`.`tipo_trampa`
FROM `incidencias` `i`
JOIN `trampas` `t` ON `i`.`id_trampa` = `t`.`id`
WHERE `t`.`sede_id` = :t.sede_id:', [...], false)
 5 APPPATH\Controllers\Locations.php(42): CodeIgniter\Database\BaseBuilder->get()
 6 SYSTEMPATH\CodeIgniter.php(933): App\Controllers\Locations->index()
 7 SYSTEMPATH\CodeIgniter.php(507): CodeIgniter\CodeIgniter->runController(Object(App\Controllers\Locations))
 8 SYSTEMPATH\CodeIgniter.php(354): CodeIgniter\CodeIgniter->handleRequest(null, Object(Config\Cache), false)
 9 SYSTEMPATH\Boot.php(334): CodeIgniter\CodeIgniter->run()
10 SYSTEMPATH\Boot.php(67): CodeIgniter\Boot::runCodeIgniter(Object(CodeIgniter\CodeIgniter))
11 FCPATH\index.php(56): CodeIgniter\Boot::bootWeb(Object(Config\Paths))
ERROR - 2025-03-06 11:47:14 --> mysqli_sql_exception: Unknown column 't.tipo_trampa' in 'SELECT' in C:\xampp\htdocs\Servipro_pruebareal\vendor\codeigniter4\framework\system\Database\MySQLi\Connection.php:327
Stack trace:
#0 C:\xampp\htdocs\Servipro_pruebareal\vendor\codeigniter4\framework\system\Database\MySQLi\Connection.php(327): mysqli->query('SELECT `i`.*, `...', 0)
#1 C:\xampp\htdocs\Servipro_pruebareal\vendor\codeigniter4\framework\system\Database\BaseConnection.php(738): CodeIgniter\Database\MySQLi\Connection->execute('SELECT `i`.*, `...')
#2 C:\xampp\htdocs\Servipro_pruebareal\vendor\codeigniter4\framework\system\Database\BaseConnection.php(652): CodeIgniter\Database\BaseConnection->simpleQuery('SELECT `i`.*, `...')
#3 C:\xampp\htdocs\Servipro_pruebareal\vendor\codeigniter4\framework\system\Database\BaseBuilder.php(1649): CodeIgniter\Database\BaseConnection->query('SELECT `i`.*, `...', Array, false)
#4 C:\xampp\htdocs\Servipro_pruebareal\app\Controllers\Locations.php(42): CodeIgniter\Database\BaseBuilder->get()
#5 C:\xampp\htdocs\Servipro_pruebareal\vendor\codeigniter4\framework\system\CodeIgniter.php(933): App\Controllers\Locations->index()
#6 C:\xampp\htdocs\Servipro_pruebareal\vendor\codeigniter4\framework\system\CodeIgniter.php(507): CodeIgniter\CodeIgniter->runController(Object(App\Controllers\Locations))
#7 C:\xampp\htdocs\Servipro_pruebareal\vendor\codeigniter4\framework\system\CodeIgniter.php(354): CodeIgniter\CodeIgniter->handleRequest(NULL, Object(Config\Cache), false)
#8 C:\xampp\htdocs\Servipro_pruebareal\vendor\codeigniter4\framework\system\Boot.php(334): CodeIgniter\CodeIgniter->run()
#9 C:\xampp\htdocs\Servipro_pruebareal\vendor\codeigniter4\framework\system\Boot.php(67): CodeIgniter\Boot::runCodeIgniter(Object(CodeIgniter\CodeIgniter))
#10 C:\xampp\htdocs\Servipro_pruebareal\public\index.php(56): CodeIgniter\Boot::bootWeb(Object(Config\Paths))
#11 {main}
CRITICAL - 2025-03-06 11:47:14 --> CodeIgniter\Database\Exceptions\DatabaseException: Unknown column 't.tipo_trampa' in 'SELECT'
[Method: GET, Route: locations]
in SYSTEMPATH\Database\BaseConnection.php on line 692.
 1 SYSTEMPATH\Database\BaseBuilder.php(1649): CodeIgniter\Database\BaseConnection->query('SELECT `i`.*, `t`.`tipo_trampa`
FROM `incidencias` `i`
JOIN `trampas` `t` ON `i`.`id_trampa` = `t`.`id`
WHERE `t`.`sede_id` = :t.sede_id:', [...], false)
 2 APPPATH\Controllers\Locations.php(42): CodeIgniter\Database\BaseBuilder->get()
 3 SYSTEMPATH\CodeIgniter.php(933): App\Controllers\Locations->index()
 4 SYSTEMPATH\CodeIgniter.php(507): CodeIgniter\CodeIgniter->runController(Object(App\Controllers\Locations))
 5 SYSTEMPATH\CodeIgniter.php(354): CodeIgniter\CodeIgniter->handleRequest(null, Object(Config\Cache), false)
 6 SYSTEMPATH\Boot.php(334): CodeIgniter\CodeIgniter->run()
 7 SYSTEMPATH\Boot.php(67): CodeIgniter\Boot::runCodeIgniter(Object(CodeIgniter\CodeIgniter))
 8 FCPATH\index.php(56): CodeIgniter\Boot::bootWeb(Object(Config\Paths))
CRITICAL - 2025-03-06 11:47:14 --> [Caused by] CodeIgniter\Database\Exceptions\DatabaseException: Unknown column 't.tipo_trampa' in 'SELECT'
in SYSTEMPATH\Database\MySQLi\Connection.php on line 332.
 1 SYSTEMPATH\Database\BaseConnection.php(738): CodeIgniter\Database\MySQLi\Connection->execute('SELECT `i`.*, `t`.`tipo_trampa`
FROM `incidencias` `i`
JOIN `trampas` `t` ON `i`.`id_trampa` = `t`.`id`
WHERE `t`.`sede_id` = \'2\'')
 2 SYSTEMPATH\Database\BaseConnection.php(652): CodeIgniter\Database\BaseConnection->simpleQuery('SELECT `i`.*, `t`.`tipo_trampa`
FROM `incidencias` `i`
JOIN `trampas` `t` ON `i`.`id_trampa` = `t`.`id`
WHERE `t`.`sede_id` = \'2\'')
 3 SYSTEMPATH\Database\BaseBuilder.php(1649): CodeIgniter\Database\BaseConnection->query('SELECT `i`.*, `t`.`tipo_trampa`
FROM `incidencias` `i`
JOIN `trampas` `t` ON `i`.`id_trampa` = `t`.`id`
WHERE `t`.`sede_id` = :t.sede_id:', [...], false)
 4 APPPATH\Controllers\Locations.php(42): CodeIgniter\Database\BaseBuilder->get()
 5 SYSTEMPATH\CodeIgniter.php(933): App\Controllers\Locations->index()
 6 SYSTEMPATH\CodeIgniter.php(507): CodeIgniter\CodeIgniter->runController(Object(App\Controllers\Locations))
 7 SYSTEMPATH\CodeIgniter.php(354): CodeIgniter\CodeIgniter->handleRequest(null, Object(Config\Cache), false)
 8 SYSTEMPATH\Boot.php(334): CodeIgniter\CodeIgniter->run()
 9 SYSTEMPATH\Boot.php(67): CodeIgniter\Boot::runCodeIgniter(Object(CodeIgniter\CodeIgniter))
10 FCPATH\index.php(56): CodeIgniter\Boot::bootWeb(Object(Config\Paths))
CRITICAL - 2025-03-06 11:47:14 --> [Caused by] mysqli_sql_exception: Unknown column 't.tipo_trampa' in 'SELECT'
in SYSTEMPATH\Database\MySQLi\Connection.php on line 327.
 1 SYSTEMPATH\Database\MySQLi\Connection.php(327): mysqli->query('SELECT `i`.*, `t`.`tipo_trampa`
FROM `incidencias` `i`
JOIN `trampas` `t` ON `i`.`id_trampa` = `t`.`id`
WHERE `t`.`sede_id` = \'2\'', 0)
 2 SYSTEMPATH\Database\BaseConnection.php(738): CodeIgniter\Database\MySQLi\Connection->execute('SELECT `i`.*, `t`.`tipo_trampa`
FROM `incidencias` `i`
JOIN `trampas` `t` ON `i`.`id_trampa` = `t`.`id`
WHERE `t`.`sede_id` = \'2\'')
 3 SYSTEMPATH\Database\BaseConnection.php(652): CodeIgniter\Database\BaseConnection->simpleQuery('SELECT `i`.*, `t`.`tipo_trampa`
FROM `incidencias` `i`
JOIN `trampas` `t` ON `i`.`id_trampa` = `t`.`id`
WHERE `t`.`sede_id` = \'2\'')
 4 SYSTEMPATH\Database\BaseBuilder.php(1649): CodeIgniter\Database\BaseConnection->query('SELECT `i`.*, `t`.`tipo_trampa`
FROM `incidencias` `i`
JOIN `trampas` `t` ON `i`.`id_trampa` = `t`.`id`
WHERE `t`.`sede_id` = :t.sede_id:', [...], false)
 5 APPPATH\Controllers\Locations.php(42): CodeIgniter\Database\BaseBuilder->get()
 6 SYSTEMPATH\CodeIgniter.php(933): App\Controllers\Locations->index()
 7 SYSTEMPATH\CodeIgniter.php(507): CodeIgniter\CodeIgniter->runController(Object(App\Controllers\Locations))
 8 SYSTEMPATH\CodeIgniter.php(354): CodeIgniter\CodeIgniter->handleRequest(null, Object(Config\Cache), false)
 9 SYSTEMPATH\Boot.php(334): CodeIgniter\CodeIgniter->run()
10 SYSTEMPATH\Boot.php(67): CodeIgniter\Boot::runCodeIgniter(Object(CodeIgniter\CodeIgniter))
11 FCPATH\index.php(56): CodeIgniter\Boot::bootWeb(Object(Config\Paths))
ERROR - 2025-03-06 12:30:02 --> mysqli_sql_exception: Unknown column 'tipo_trampa' in 'SELECT' in C:\xampp\htdocs\Servipro_pruebareal\vendor\codeigniter4\framework\system\Database\MySQLi\Connection.php:327
Stack trace:
#0 C:\xampp\htdocs\Servipro_pruebareal\vendor\codeigniter4\framework\system\Database\MySQLi\Connection.php(327): mysqli->query('SELECT `id`, `n...', 0)
#1 C:\xampp\htdocs\Servipro_pruebareal\vendor\codeigniter4\framework\system\Database\BaseConnection.php(738): CodeIgniter\Database\MySQLi\Connection->execute('SELECT `id`, `n...')
#2 C:\xampp\htdocs\Servipro_pruebareal\vendor\codeigniter4\framework\system\Database\BaseConnection.php(652): CodeIgniter\Database\BaseConnection->simpleQuery('SELECT `id`, `n...')
#3 C:\xampp\htdocs\Servipro_pruebareal\vendor\codeigniter4\framework\system\Database\BaseBuilder.php(1649): CodeIgniter\Database\BaseConnection->query('SELECT `id`, `n...', Array, false)
#4 C:\xampp\htdocs\Servipro_pruebareal\app\Controllers\Locations.php(39): CodeIgniter\Database\BaseBuilder->get()
#5 C:\xampp\htdocs\Servipro_pruebareal\vendor\codeigniter4\framework\system\CodeIgniter.php(933): App\Controllers\Locations->index()
#6 C:\xampp\htdocs\Servipro_pruebareal\vendor\codeigniter4\framework\system\CodeIgniter.php(507): CodeIgniter\CodeIgniter->runController(Object(App\Controllers\Locations))
#7 C:\xampp\htdocs\Servipro_pruebareal\vendor\codeigniter4\framework\system\CodeIgniter.php(354): CodeIgniter\CodeIgniter->handleRequest(NULL, Object(Config\Cache), false)
#8 C:\xampp\htdocs\Servipro_pruebareal\vendor\codeigniter4\framework\system\Boot.php(334): CodeIgniter\CodeIgniter->run()
#9 C:\xampp\htdocs\Servipro_pruebareal\vendor\codeigniter4\framework\system\Boot.php(67): CodeIgniter\Boot::runCodeIgniter(Object(CodeIgniter\CodeIgniter))
#10 C:\xampp\htdocs\Servipro_pruebareal\public\index.php(56): CodeIgniter\Boot::bootWeb(Object(Config\Paths))
#11 {main}
CRITICAL - 2025-03-06 12:30:02 --> CodeIgniter\Database\Exceptions\DatabaseException: Unknown column 'tipo_trampa' in 'SELECT'
[Method: GET, Route: locations]
in SYSTEMPATH\Database\BaseConnection.php on line 692.
 1 SYSTEMPATH\Database\BaseBuilder.php(1649): CodeIgniter\Database\BaseConnection->query('SELECT `id`, `nombre`, `tipo_trampa`, `ubicacion`
FROM `trampas`
WHERE `sede_id` = :sede_id:', [...], false)
 2 APPPATH\Controllers\Locations.php(39): CodeIgniter\Database\BaseBuilder->get()
 3 SYSTEMPATH\CodeIgniter.php(933): App\Controllers\Locations->index()
 4 SYSTEMPATH\CodeIgniter.php(507): CodeIgniter\CodeIgniter->runController(Object(App\Controllers\Locations))
 5 SYSTEMPATH\CodeIgniter.php(354): CodeIgniter\CodeIgniter->handleRequest(null, Object(Config\Cache), false)
 6 SYSTEMPATH\Boot.php(334): CodeIgniter\CodeIgniter->run()
 7 SYSTEMPATH\Boot.php(67): CodeIgniter\Boot::runCodeIgniter(Object(CodeIgniter\CodeIgniter))
 8 FCPATH\index.php(56): CodeIgniter\Boot::bootWeb(Object(Config\Paths))
CRITICAL - 2025-03-06 12:30:02 --> [Caused by] CodeIgniter\Database\Exceptions\DatabaseException: Unknown column 'tipo_trampa' in 'SELECT'
in SYSTEMPATH\Database\MySQLi\Connection.php on line 332.
 1 SYSTEMPATH\Database\BaseConnection.php(738): CodeIgniter\Database\MySQLi\Connection->execute('SELECT `id`, `nombre`, `tipo_trampa`, `ubicacion`
FROM `trampas`
WHERE `sede_id` = \'3\'')
 2 SYSTEMPATH\Database\BaseConnection.php(652): CodeIgniter\Database\BaseConnection->simpleQuery('SELECT `id`, `nombre`, `tipo_trampa`, `ubicacion`
FROM `trampas`
WHERE `sede_id` = \'3\'')
 3 SYSTEMPATH\Database\BaseBuilder.php(1649): CodeIgniter\Database\BaseConnection->query('SELECT `id`, `nombre`, `tipo_trampa`, `ubicacion`
FROM `trampas`
WHERE `sede_id` = :sede_id:', [...], false)
 4 APPPATH\Controllers\Locations.php(39): CodeIgniter\Database\BaseBuilder->get()
 5 SYSTEMPATH\CodeIgniter.php(933): App\Controllers\Locations->index()
 6 SYSTEMPATH\CodeIgniter.php(507): CodeIgniter\CodeIgniter->runController(Object(App\Controllers\Locations))
 7 SYSTEMPATH\CodeIgniter.php(354): CodeIgniter\CodeIgniter->handleRequest(null, Object(Config\Cache), false)
 8 SYSTEMPATH\Boot.php(334): CodeIgniter\CodeIgniter->run()
 9 SYSTEMPATH\Boot.php(67): CodeIgniter\Boot::runCodeIgniter(Object(CodeIgniter\CodeIgniter))
10 FCPATH\index.php(56): CodeIgniter\Boot::bootWeb(Object(Config\Paths))
CRITICAL - 2025-03-06 12:30:02 --> [Caused by] mysqli_sql_exception: Unknown column 'tipo_trampa' in 'SELECT'
in SYSTEMPATH\Database\MySQLi\Connection.php on line 327.
 1 SYSTEMPATH\Database\MySQLi\Connection.php(327): mysqli->query('SELECT `id`, `nombre`, `tipo_trampa`, `ubicacion`
FROM `trampas`
WHERE `sede_id` = \'3\'', 0)
 2 SYSTEMPATH\Database\BaseConnection.php(738): CodeIgniter\Database\MySQLi\Connection->execute('SELECT `id`, `nombre`, `tipo_trampa`, `ubicacion`
FROM `trampas`
WHERE `sede_id` = \'3\'')
 3 SYSTEMPATH\Database\BaseConnection.php(652): CodeIgniter\Database\BaseConnection->simpleQuery('SELECT `id`, `nombre`, `tipo_trampa`, `ubicacion`
FROM `trampas`
WHERE `sede_id` = \'3\'')
 4 SYSTEMPATH\Database\BaseBuilder.php(1649): CodeIgniter\Database\BaseConnection->query('SELECT `id`, `nombre`, `tipo_trampa`, `ubicacion`
FROM `trampas`
WHERE `sede_id` = :sede_id:', [...], false)
 5 APPPATH\Controllers\Locations.php(39): CodeIgniter\Database\BaseBuilder->get()
 6 SYSTEMPATH\CodeIgniter.php(933): App\Controllers\Locations->index()
 7 SYSTEMPATH\CodeIgniter.php(507): CodeIgniter\CodeIgniter->runController(Object(App\Controllers\Locations))
 8 SYSTEMPATH\CodeIgniter.php(354): CodeIgniter\CodeIgniter->handleRequest(null, Object(Config\Cache), false)
 9 SYSTEMPATH\Boot.php(334): CodeIgniter\CodeIgniter->run()
10 SYSTEMPATH\Boot.php(67): CodeIgniter\Boot::runCodeIgniter(Object(CodeIgniter\CodeIgniter))
11 FCPATH\index.php(56): CodeIgniter\Boot::bootWeb(Object(Config\Paths))
ERROR - 2025-03-06 12:30:06 --> mysqli_sql_exception: Unknown column 'tipo_trampa' in 'SELECT' in C:\xampp\htdocs\Servipro_pruebareal\vendor\codeigniter4\framework\system\Database\MySQLi\Connection.php:327
Stack trace:
#0 C:\xampp\htdocs\Servipro_pruebareal\vendor\codeigniter4\framework\system\Database\MySQLi\Connection.php(327): mysqli->query('SELECT `id`, `n...', 0)
#1 C:\xampp\htdocs\Servipro_pruebareal\vendor\codeigniter4\framework\system\Database\BaseConnection.php(738): CodeIgniter\Database\MySQLi\Connection->execute('SELECT `id`, `n...')
#2 C:\xampp\htdocs\Servipro_pruebareal\vendor\codeigniter4\framework\system\Database\BaseConnection.php(652): CodeIgniter\Database\BaseConnection->simpleQuery('SELECT `id`, `n...')
#3 C:\xampp\htdocs\Servipro_pruebareal\vendor\codeigniter4\framework\system\Database\BaseBuilder.php(1649): CodeIgniter\Database\BaseConnection->query('SELECT `id`, `n...', Array, false)
#4 C:\xampp\htdocs\Servipro_pruebareal\app\Controllers\Locations.php(39): CodeIgniter\Database\BaseBuilder->get()
#5 C:\xampp\htdocs\Servipro_pruebareal\vendor\codeigniter4\framework\system\CodeIgniter.php(933): App\Controllers\Locations->index()
#6 C:\xampp\htdocs\Servipro_pruebareal\vendor\codeigniter4\framework\system\CodeIgniter.php(507): CodeIgniter\CodeIgniter->runController(Object(App\Controllers\Locations))
#7 C:\xampp\htdocs\Servipro_pruebareal\vendor\codeigniter4\framework\system\CodeIgniter.php(354): CodeIgniter\CodeIgniter->handleRequest(NULL, Object(Config\Cache), false)
#8 C:\xampp\htdocs\Servipro_pruebareal\vendor\codeigniter4\framework\system\Boot.php(334): CodeIgniter\CodeIgniter->run()
#9 C:\xampp\htdocs\Servipro_pruebareal\vendor\codeigniter4\framework\system\Boot.php(67): CodeIgniter\Boot::runCodeIgniter(Object(CodeIgniter\CodeIgniter))
#10 C:\xampp\htdocs\Servipro_pruebareal\public\index.php(56): CodeIgniter\Boot::bootWeb(Object(Config\Paths))
#11 {main}
CRITICAL - 2025-03-06 12:30:06 --> CodeIgniter\Database\Exceptions\DatabaseException: Unknown column 'tipo_trampa' in 'SELECT'
[Method: GET, Route: locations]
in SYSTEMPATH\Database\BaseConnection.php on line 692.
 1 SYSTEMPATH\Database\BaseBuilder.php(1649): CodeIgniter\Database\BaseConnection->query('SELECT `id`, `nombre`, `tipo_trampa`, `ubicacion`
FROM `trampas`
WHERE `sede_id` = :sede_id:', [...], false)
 2 APPPATH\Controllers\Locations.php(39): CodeIgniter\Database\BaseBuilder->get()
 3 SYSTEMPATH\CodeIgniter.php(933): App\Controllers\Locations->index()
 4 SYSTEMPATH\CodeIgniter.php(507): CodeIgniter\CodeIgniter->runController(Object(App\Controllers\Locations))
 5 SYSTEMPATH\CodeIgniter.php(354): CodeIgniter\CodeIgniter->handleRequest(null, Object(Config\Cache), false)
 6 SYSTEMPATH\Boot.php(334): CodeIgniter\CodeIgniter->run()
 7 SYSTEMPATH\Boot.php(67): CodeIgniter\Boot::runCodeIgniter(Object(CodeIgniter\CodeIgniter))
 8 FCPATH\index.php(56): CodeIgniter\Boot::bootWeb(Object(Config\Paths))
CRITICAL - 2025-03-06 12:30:06 --> [Caused by] CodeIgniter\Database\Exceptions\DatabaseException: Unknown column 'tipo_trampa' in 'SELECT'
in SYSTEMPATH\Database\MySQLi\Connection.php on line 332.
 1 SYSTEMPATH\Database\BaseConnection.php(738): CodeIgniter\Database\MySQLi\Connection->execute('SELECT `id`, `nombre`, `tipo_trampa`, `ubicacion`
FROM `trampas`
WHERE `sede_id` = \'2\'')
 2 SYSTEMPATH\Database\BaseConnection.php(652): CodeIgniter\Database\BaseConnection->simpleQuery('SELECT `id`, `nombre`, `tipo_trampa`, `ubicacion`
FROM `trampas`
WHERE `sede_id` = \'2\'')
 3 SYSTEMPATH\Database\BaseBuilder.php(1649): CodeIgniter\Database\BaseConnection->query('SELECT `id`, `nombre`, `tipo_trampa`, `ubicacion`
FROM `trampas`
WHERE `sede_id` = :sede_id:', [...], false)
 4 APPPATH\Controllers\Locations.php(39): CodeIgniter\Database\BaseBuilder->get()
 5 SYSTEMPATH\CodeIgniter.php(933): App\Controllers\Locations->index()
 6 SYSTEMPATH\CodeIgniter.php(507): CodeIgniter\CodeIgniter->runController(Object(App\Controllers\Locations))
 7 SYSTEMPATH\CodeIgniter.php(354): CodeIgniter\CodeIgniter->handleRequest(null, Object(Config\Cache), false)
 8 SYSTEMPATH\Boot.php(334): CodeIgniter\CodeIgniter->run()
 9 SYSTEMPATH\Boot.php(67): CodeIgniter\Boot::runCodeIgniter(Object(CodeIgniter\CodeIgniter))
10 FCPATH\index.php(56): CodeIgniter\Boot::bootWeb(Object(Config\Paths))
CRITICAL - 2025-03-06 12:30:06 --> [Caused by] mysqli_sql_exception: Unknown column 'tipo_trampa' in 'SELECT'
in SYSTEMPATH\Database\MySQLi\Connection.php on line 327.
 1 SYSTEMPATH\Database\MySQLi\Connection.php(327): mysqli->query('SELECT `id`, `nombre`, `tipo_trampa`, `ubicacion`
FROM `trampas`
WHERE `sede_id` = \'2\'', 0)
 2 SYSTEMPATH\Database\BaseConnection.php(738): CodeIgniter\Database\MySQLi\Connection->execute('SELECT `id`, `nombre`, `tipo_trampa`, `ubicacion`
FROM `trampas`
WHERE `sede_id` = \'2\'')
 3 SYSTEMPATH\Database\BaseConnection.php(652): CodeIgniter\Database\BaseConnection->simpleQuery('SELECT `id`, `nombre`, `tipo_trampa`, `ubicacion`
FROM `trampas`
WHERE `sede_id` = \'2\'')
 4 SYSTEMPATH\Database\BaseBuilder.php(1649): CodeIgniter\Database\BaseConnection->query('SELECT `id`, `nombre`, `tipo_trampa`, `ubicacion`
FROM `trampas`
WHERE `sede_id` = :sede_id:', [...], false)
 5 APPPATH\Controllers\Locations.php(39): CodeIgniter\Database\BaseBuilder->get()
 6 SYSTEMPATH\CodeIgniter.php(933): App\Controllers\Locations->index()
 7 SYSTEMPATH\CodeIgniter.php(507): CodeIgniter\CodeIgniter->runController(Object(App\Controllers\Locations))
 8 SYSTEMPATH\CodeIgniter.php(354): CodeIgniter\CodeIgniter->handleRequest(null, Object(Config\Cache), false)
 9 SYSTEMPATH\Boot.php(334): CodeIgniter\CodeIgniter->run()
10 SYSTEMPATH\Boot.php(67): CodeIgniter\Boot::runCodeIgniter(Object(CodeIgniter\CodeIgniter))
11 FCPATH\index.php(56): CodeIgniter\Boot::bootWeb(Object(Config\Paths))
ERROR - 2025-03-06 12:33:08 --> mysqli_sql_exception: Unknown column 'tipo_trampa' in 'SELECT' in C:\xampp\htdocs\Servipro_pruebareal\vendor\codeigniter4\framework\system\Database\MySQLi\Connection.php:327
Stack trace:
#0 C:\xampp\htdocs\Servipro_pruebareal\vendor\codeigniter4\framework\system\Database\MySQLi\Connection.php(327): mysqli->query('SELECT `id`, `n...', 0)
#1 C:\xampp\htdocs\Servipro_pruebareal\vendor\codeigniter4\framework\system\Database\BaseConnection.php(738): CodeIgniter\Database\MySQLi\Connection->execute('SELECT `id`, `n...')
#2 C:\xampp\htdocs\Servipro_pruebareal\vendor\codeigniter4\framework\system\Database\BaseConnection.php(652): CodeIgniter\Database\BaseConnection->simpleQuery('SELECT `id`, `n...')
#3 C:\xampp\htdocs\Servipro_pruebareal\vendor\codeigniter4\framework\system\Database\BaseBuilder.php(1649): CodeIgniter\Database\BaseConnection->query('SELECT `id`, `n...', Array, false)
#4 C:\xampp\htdocs\Servipro_pruebareal\app\Controllers\Locations.php(53): CodeIgniter\Database\BaseBuilder->get()
#5 C:\xampp\htdocs\Servipro_pruebareal\vendor\codeigniter4\framework\system\CodeIgniter.php(933): App\Controllers\Locations->index()
#6 C:\xampp\htdocs\Servipro_pruebareal\vendor\codeigniter4\framework\system\CodeIgniter.php(507): CodeIgniter\CodeIgniter->runController(Object(App\Controllers\Locations))
#7 C:\xampp\htdocs\Servipro_pruebareal\vendor\codeigniter4\framework\system\CodeIgniter.php(354): CodeIgniter\CodeIgniter->handleRequest(NULL, Object(Config\Cache), false)
#8 C:\xampp\htdocs\Servipro_pruebareal\vendor\codeigniter4\framework\system\Boot.php(334): CodeIgniter\CodeIgniter->run()
#9 C:\xampp\htdocs\Servipro_pruebareal\vendor\codeigniter4\framework\system\Boot.php(67): CodeIgniter\Boot::runCodeIgniter(Object(CodeIgniter\CodeIgniter))
#10 C:\xampp\htdocs\Servipro_pruebareal\public\index.php(56): CodeIgniter\Boot::bootWeb(Object(Config\Paths))
#11 {main}
CRITICAL - 2025-03-06 12:33:08 --> CodeIgniter\Database\Exceptions\DatabaseException: Unknown column 'tipo_trampa' in 'SELECT'
[Method: GET, Route: locations]
in SYSTEMPATH\Database\BaseConnection.php on line 692.
 1 SYSTEMPATH\Database\BaseBuilder.php(1649): CodeIgniter\Database\BaseConnection->query('SELECT `id`, `nombre`, `tipo_trampa`, `ubicacion`
FROM `trampas`
WHERE `sede_id` = :sede_id:', [...], false)
 2 APPPATH\Controllers\Locations.php(53): CodeIgniter\Database\BaseBuilder->get()
 3 SYSTEMPATH\CodeIgniter.php(933): App\Controllers\Locations->index()
 4 SYSTEMPATH\CodeIgniter.php(507): CodeIgniter\CodeIgniter->runController(Object(App\Controllers\Locations))
 5 SYSTEMPATH\CodeIgniter.php(354): CodeIgniter\CodeIgniter->handleRequest(null, Object(Config\Cache), false)
 6 SYSTEMPATH\Boot.php(334): CodeIgniter\CodeIgniter->run()
 7 SYSTEMPATH\Boot.php(67): CodeIgniter\Boot::runCodeIgniter(Object(CodeIgniter\CodeIgniter))
 8 FCPATH\index.php(56): CodeIgniter\Boot::bootWeb(Object(Config\Paths))
CRITICAL - 2025-03-06 12:33:08 --> [Caused by] CodeIgniter\Database\Exceptions\DatabaseException: Unknown column 'tipo_trampa' in 'SELECT'
in SYSTEMPATH\Database\MySQLi\Connection.php on line 332.
 1 SYSTEMPATH\Database\BaseConnection.php(738): CodeIgniter\Database\MySQLi\Connection->execute('SELECT `id`, `nombre`, `tipo_trampa`, `ubicacion`
FROM `trampas`
WHERE `sede_id` = \'2\'')
 2 SYSTEMPATH\Database\BaseConnection.php(652): CodeIgniter\Database\BaseConnection->simpleQuery('SELECT `id`, `nombre`, `tipo_trampa`, `ubicacion`
FROM `trampas`
WHERE `sede_id` = \'2\'')
 3 SYSTEMPATH\Database\BaseBuilder.php(1649): CodeIgniter\Database\BaseConnection->query('SELECT `id`, `nombre`, `tipo_trampa`, `ubicacion`
FROM `trampas`
WHERE `sede_id` = :sede_id:', [...], false)
 4 APPPATH\Controllers\Locations.php(53): CodeIgniter\Database\BaseBuilder->get()
 5 SYSTEMPATH\CodeIgniter.php(933): App\Controllers\Locations->index()
 6 SYSTEMPATH\CodeIgniter.php(507): CodeIgniter\CodeIgniter->runController(Object(App\Controllers\Locations))
 7 SYSTEMPATH\CodeIgniter.php(354): CodeIgniter\CodeIgniter->handleRequest(null, Object(Config\Cache), false)
 8 SYSTEMPATH\Boot.php(334): CodeIgniter\CodeIgniter->run()
 9 SYSTEMPATH\Boot.php(67): CodeIgniter\Boot::runCodeIgniter(Object(CodeIgniter\CodeIgniter))
10 FCPATH\index.php(56): CodeIgniter\Boot::bootWeb(Object(Config\Paths))
CRITICAL - 2025-03-06 12:33:08 --> [Caused by] mysqli_sql_exception: Unknown column 'tipo_trampa' in 'SELECT'
in SYSTEMPATH\Database\MySQLi\Connection.php on line 327.
 1 SYSTEMPATH\Database\MySQLi\Connection.php(327): mysqli->query('SELECT `id`, `nombre`, `tipo_trampa`, `ubicacion`
FROM `trampas`
WHERE `sede_id` = \'2\'', 0)
 2 SYSTEMPATH\Database\BaseConnection.php(738): CodeIgniter\Database\MySQLi\Connection->execute('SELECT `id`, `nombre`, `tipo_trampa`, `ubicacion`
FROM `trampas`
WHERE `sede_id` = \'2\'')
 3 SYSTEMPATH\Database\BaseConnection.php(652): CodeIgniter\Database\BaseConnection->simpleQuery('SELECT `id`, `nombre`, `tipo_trampa`, `ubicacion`
FROM `trampas`
WHERE `sede_id` = \'2\'')
 4 SYSTEMPATH\Database\BaseBuilder.php(1649): CodeIgniter\Database\BaseConnection->query('SELECT `id`, `nombre`, `tipo_trampa`, `ubicacion`
FROM `trampas`
WHERE `sede_id` = :sede_id:', [...], false)
 5 APPPATH\Controllers\Locations.php(53): CodeIgniter\Database\BaseBuilder->get()
 6 SYSTEMPATH\CodeIgniter.php(933): App\Controllers\Locations->index()
 7 SYSTEMPATH\CodeIgniter.php(507): CodeIgniter\CodeIgniter->runController(Object(App\Controllers\Locations))
 8 SYSTEMPATH\CodeIgniter.php(354): CodeIgniter\CodeIgniter->handleRequest(null, Object(Config\Cache), false)
 9 SYSTEMPATH\Boot.php(334): CodeIgniter\CodeIgniter->run()
10 SYSTEMPATH\Boot.php(67): CodeIgniter\Boot::runCodeIgniter(Object(CodeIgniter\CodeIgniter))
11 FCPATH\index.php(56): CodeIgniter\Boot::bootWeb(Object(Config\Paths))
CRITICAL - 2025-03-06 12:33:37 --> ErrorException: Undefined variable $totalIncidenciasPorTipo
[Method: GET, Route: locations]
in APPPATH\Views\locations\index.php on line 100.
 1 APPPATH\Views\locations\index.php(100): CodeIgniter\Debug\Exceptions->errorHandler(2, 'Undefined variable $totalIncidenciasPorTipo', 'C:\\xampp\\htdocs\\Servipro_pruebareal\\app\\Views\\locations\\index.php', 100)
 2 SYSTEMPATH\View\View.php(224): include('C:\\xampp\\htdocs\\Servipro_pruebareal\\app\\Views\\locations\\index.php')
 3 SYSTEMPATH\View\View.php(227): CodeIgniter\View\View->CodeIgniter\View\{closure}()
 4 SYSTEMPATH\Common.php(1173): CodeIgniter\View\View->render('locations/index', [], true)
 5 APPPATH\Controllers\Locations.php(60): view('locations/index', [...])
 6 SYSTEMPATH\CodeIgniter.php(933): App\Controllers\Locations->index()
 7 SYSTEMPATH\CodeIgniter.php(507): CodeIgniter\CodeIgniter->runController(Object(App\Controllers\Locations))
 8 SYSTEMPATH\CodeIgniter.php(354): CodeIgniter\CodeIgniter->handleRequest(null, Object(Config\Cache), false)
 9 SYSTEMPATH\Boot.php(334): CodeIgniter\CodeIgniter->run()
10 SYSTEMPATH\Boot.php(67): CodeIgniter\Boot::runCodeIgniter(Object(CodeIgniter\CodeIgniter))
11 FCPATH\index.php(56): CodeIgniter\Boot::bootWeb(Object(Config\Paths))
CRITICAL - 2025-03-06 12:36:26 --> ErrorException: Undefined variable $trampasDetalle
[Method: GET, Route: locations]
in APPPATH\Views\locations\index.php on line 47.
 1 APPPATH\Views\locations\index.php(47): CodeIgniter\Debug\Exceptions->errorHandler(2, 'Undefined variable $trampasDetalle', 'C:\\xampp\\htdocs\\Servipro_pruebareal\\app\\Views\\locations\\index.php', 47)
 2 SYSTEMPATH\View\View.php(224): include('C:\\xampp\\htdocs\\Servipro_pruebareal\\app\\Views\\locations\\index.php')
 3 SYSTEMPATH\View\View.php(227): CodeIgniter\View\View->CodeIgniter\View\{closure}()
 4 SYSTEMPATH\Common.php(1173): CodeIgniter\View\View->render('locations/index', [], true)
 5 APPPATH\Controllers\Locations.php(62): view('locations/index', [...])
 6 SYSTEMPATH\CodeIgniter.php(933): App\Controllers\Locations->index()
 7 SYSTEMPATH\CodeIgniter.php(507): CodeIgniter\CodeIgniter->runController(Object(App\Controllers\Locations))
 8 SYSTEMPATH\CodeIgniter.php(354): CodeIgniter\CodeIgniter->handleRequest(null, Object(Config\Cache), false)
 9 SYSTEMPATH\Boot.php(334): CodeIgniter\CodeIgniter->run()
10 SYSTEMPATH\Boot.php(67): CodeIgniter\Boot::runCodeIgniter(Object(CodeIgniter\CodeIgniter))
11 FCPATH\index.php(56): CodeIgniter\Boot::bootWeb(Object(Config\Paths))
CRITICAL - 2025-03-06 12:36:29 --> ErrorException: Undefined variable $trampasDetalle
[Method: GET, Route: locations]
in APPPATH\Views\locations\index.php on line 47.
 1 APPPATH\Views\locations\index.php(47): CodeIgniter\Debug\Exceptions->errorHandler(2, 'Undefined variable $trampasDetalle', 'C:\\xampp\\htdocs\\Servipro_pruebareal\\app\\Views\\locations\\index.php', 47)
 2 SYSTEMPATH\View\View.php(224): include('C:\\xampp\\htdocs\\Servipro_pruebareal\\app\\Views\\locations\\index.php')
 3 SYSTEMPATH\View\View.php(227): CodeIgniter\View\View->CodeIgniter\View\{closure}()
 4 SYSTEMPATH\Common.php(1173): CodeIgniter\View\View->render('locations/index', [], true)
 5 APPPATH\Controllers\Locations.php(62): view('locations/index', [...])
 6 SYSTEMPATH\CodeIgniter.php(933): App\Controllers\Locations->index()
 7 SYSTEMPATH\CodeIgniter.php(507): CodeIgniter\CodeIgniter->runController(Object(App\Controllers\Locations))
 8 SYSTEMPATH\CodeIgniter.php(354): CodeIgniter\CodeIgniter->handleRequest(null, Object(Config\Cache), false)
 9 SYSTEMPATH\Boot.php(334): CodeIgniter\CodeIgniter->run()
10 SYSTEMPATH\Boot.php(67): CodeIgniter\Boot::runCodeIgniter(Object(CodeIgniter\CodeIgniter))
11 FCPATH\index.php(56): CodeIgniter\Boot::bootWeb(Object(Config\Paths))
CRITICAL - 2025-03-06 12:40:14 --> ErrorException: Undefined variable $totalTrampasSede
[Method: GET, Route: locations]
in APPPATH\Views\locations\index.php on line 35.
 1 APPPATH\Views\locations\index.php(35): CodeIgniter\Debug\Exceptions->errorHandler(2, 'Undefined variable $totalTrampasSede', 'C:\\xampp\\htdocs\\Servipro_pruebareal\\app\\Views\\locations\\index.php', 35)
 2 SYSTEMPATH\View\View.php(224): include('C:\\xampp\\htdocs\\Servipro_pruebareal\\app\\Views\\locations\\index.php')
 3 SYSTEMPATH\View\View.php(227): CodeIgniter\View\View->CodeIgniter\View\{closure}()
 4 SYSTEMPATH\Common.php(1173): CodeIgniter\View\View->render('locations/index', [], true)
 5 APPPATH\Controllers\Locations.php(48): view('locations/index', [...])
 6 SYSTEMPATH\CodeIgniter.php(933): App\Controllers\Locations->index()
 7 SYSTEMPATH\CodeIgniter.php(507): CodeIgniter\CodeIgniter->runController(Object(App\Controllers\Locations))
 8 SYSTEMPATH\CodeIgniter.php(354): CodeIgniter\CodeIgniter->handleRequest(null, Object(Config\Cache), false)
 9 SYSTEMPATH\Boot.php(334): CodeIgniter\CodeIgniter->run()
10 SYSTEMPATH\Boot.php(67): CodeIgniter\Boot::runCodeIgniter(Object(CodeIgniter\CodeIgniter))
11 FCPATH\index.php(56): CodeIgniter\Boot::bootWeb(Object(Config\Paths))
CRITICAL - 2025-03-06 18:49:22 --> CodeIgniter\View\Exceptions\ViewException: Invalid file: "prueba.php"
[Method: GET, Route: sedes]
in SYSTEMPATH\Exceptions\FrameworkException.php on line 39.
 1 SYSTEMPATH\View\View.php(212): CodeIgniter\Exceptions\FrameworkException::forInvalidFile('prueba.php')
 2 SYSTEMPATH\Common.php(1173): CodeIgniter\View\View->render('prueba', [], true)
 3 APPPATH\Controllers\SedesController.php(13): view('prueba')
 4 SYSTEMPATH\CodeIgniter.php(933): App\Controllers\SedesController->index()
 5 SYSTEMPATH\CodeIgniter.php(507): CodeIgniter\CodeIgniter->runController(Object(App\Controllers\SedesController))
 6 SYSTEMPATH\CodeIgniter.php(354): CodeIgniter\CodeIgniter->handleRequest(null, Object(Config\Cache), false)
 7 SYSTEMPATH\Boot.php(334): CodeIgniter\CodeIgniter->run()
 8 SYSTEMPATH\Boot.php(67): CodeIgniter\Boot::runCodeIgniter(Object(CodeIgniter\CodeIgniter))
 9 FCPATH\index.php(56): CodeIgniter\Boot::bootWeb(Object(Config\Paths))
