CRITICAL - 2025-03-23 13:43:59 --> Error: Call to a member function find() on null
[Method: GET, Route: reports/pdf_mapa_calor/13]
in APPPATH\Controllers\Reports.php on line 342.
 1 SYSTEMPATH\CodeIgniter.php(933): App\Controllers\Reports->pdf_mapa_calor('13')
 2 SYSTEMPATH\CodeIgniter.php(507): CodeIgniter\CodeIgniter->runController(Object(App\Controllers\Reports))
 3 SYSTEMPATH\CodeIgniter.php(354): CodeIgniter\CodeIgniter->handleRequest(null, Object(Config\Cache), false)
 4 SYSTEMPATH\Boot.php(334): CodeIgniter\CodeIgniter->run()
 5 SYSTEMPATH\Boot.php(67): CodeIgniter\Boot::runCodeIgniter(Object(CodeIgniter\CodeIgniter))
 6 FCPATH\index.php(56): CodeIgniter\Boot::bootWeb(Object(Config\Paths))
ERROR - 2025-03-23 13:46:40 --> mysqli_sql_exception: Unknown column 'id_plano' in 'WHERE' in C:\xampp\htdocs\Servipro_pruebareal\vendor\codeigniter4\framework\system\Database\MySQLi\Connection.php:327
Stack trace:
#0 C:\xampp\htdocs\Servipro_pruebareal\vendor\codeigniter4\framework\system\Database\MySQLi\Connection.php(327): mysqli->query('SELECT *\nFROM `...', 0)
#1 C:\xampp\htdocs\Servipro_pruebareal\vendor\codeigniter4\framework\system\Database\BaseConnection.php(738): CodeIgniter\Database\MySQLi\Connection->execute('SELECT *\nFROM `...')
#2 C:\xampp\htdocs\Servipro_pruebareal\vendor\codeigniter4\framework\system\Database\BaseConnection.php(652): CodeIgniter\Database\BaseConnection->simpleQuery('SELECT *\nFROM `...')
#3 C:\xampp\htdocs\Servipro_pruebareal\vendor\codeigniter4\framework\system\Database\BaseBuilder.php(1649): CodeIgniter\Database\BaseConnection->query('SELECT *\nFROM `...', Array, false)
#4 C:\xampp\htdocs\Servipro_pruebareal\vendor\codeigniter4\framework\system\Model.php(286): CodeIgniter\Database\BaseBuilder->get()
#5 C:\xampp\htdocs\Servipro_pruebareal\vendor\codeigniter4\framework\system\BaseModel.php(675): CodeIgniter\Model->doFindAll(0, 0)
#6 C:\xampp\htdocs\Servipro_pruebareal\app\Models\IncidenciaModel.php(34): CodeIgniter\BaseModel->findAll()
#7 C:\xampp\htdocs\Servipro_pruebareal\app\Controllers\Reports.php(361): App\Models\IncidenciaModel->getIncidenciasPorPlano('13')
#8 C:\xampp\htdocs\Servipro_pruebareal\vendor\codeigniter4\framework\system\CodeIgniter.php(933): App\Controllers\Reports->pdf_mapa_calor('13')
#9 C:\xampp\htdocs\Servipro_pruebareal\vendor\codeigniter4\framework\system\CodeIgniter.php(507): CodeIgniter\CodeIgniter->runController(Object(App\Controllers\Reports))
#10 C:\xampp\htdocs\Servipro_pruebareal\vendor\codeigniter4\framework\system\CodeIgniter.php(354): CodeIgniter\CodeIgniter->handleRequest(NULL, Object(Config\Cache), false)
#11 C:\xampp\htdocs\Servipro_pruebareal\vendor\codeigniter4\framework\system\Boot.php(334): CodeIgniter\CodeIgniter->run()
#12 C:\xampp\htdocs\Servipro_pruebareal\vendor\codeigniter4\framework\system\Boot.php(67): CodeIgniter\Boot::runCodeIgniter(Object(CodeIgniter\CodeIgniter))
#13 C:\xampp\htdocs\Servipro_pruebareal\public\index.php(56): CodeIgniter\Boot::bootWeb(Object(Config\Paths))
#14 {main}
CRITICAL - 2025-03-23 13:46:40 --> CodeIgniter\Database\Exceptions\DatabaseException: Unknown column 'id_plano' in 'WHERE'
[Method: GET, Route: reports/pdf_mapa_calor/13]
in SYSTEMPATH\Database\BaseConnection.php on line 692.
 1 SYSTEMPATH\Database\BaseBuilder.php(1649): CodeIgniter\Database\BaseConnection->query('SELECT *
FROM `trampas`
WHERE `id_plano` = :id_plano:', [...], false)
 2 SYSTEMPATH\Model.php(286): CodeIgniter\Database\BaseBuilder->get()
 3 SYSTEMPATH\BaseModel.php(675): CodeIgniter\Model->doFindAll(0, 0)
 4 APPPATH\Models\IncidenciaModel.php(34): CodeIgniter\BaseModel->findAll()
 5 APPPATH\Controllers\Reports.php(361): App\Models\IncidenciaModel->getIncidenciasPorPlano('13')
 6 SYSTEMPATH\CodeIgniter.php(933): App\Controllers\Reports->pdf_mapa_calor('13')
 7 SYSTEMPATH\CodeIgniter.php(507): CodeIgniter\CodeIgniter->runController(Object(App\Controllers\Reports))
 8 SYSTEMPATH\CodeIgniter.php(354): CodeIgniter\CodeIgniter->handleRequest(null, Object(Config\Cache), false)
 9 SYSTEMPATH\Boot.php(334): CodeIgniter\CodeIgniter->run()
10 SYSTEMPATH\Boot.php(67): CodeIgniter\Boot::runCodeIgniter(Object(CodeIgniter\CodeIgniter))
11 FCPATH\index.php(56): CodeIgniter\Boot::bootWeb(Object(Config\Paths))
CRITICAL - 2025-03-23 13:46:40 --> [Caused by] CodeIgniter\Database\Exceptions\DatabaseException: Unknown column 'id_plano' in 'WHERE'
in SYSTEMPATH\Database\MySQLi\Connection.php on line 332.
 1 SYSTEMPATH\Database\BaseConnection.php(738): CodeIgniter\Database\MySQLi\Connection->execute('SELECT *
FROM `trampas`
WHERE `id_plano` = \'13\'')
 2 SYSTEMPATH\Database\BaseConnection.php(652): CodeIgniter\Database\BaseConnection->simpleQuery('SELECT *
FROM `trampas`
WHERE `id_plano` = \'13\'')
 3 SYSTEMPATH\Database\BaseBuilder.php(1649): CodeIgniter\Database\BaseConnection->query('SELECT *
FROM `trampas`
WHERE `id_plano` = :id_plano:', [...], false)
 4 SYSTEMPATH\Model.php(286): CodeIgniter\Database\BaseBuilder->get()
 5 SYSTEMPATH\BaseModel.php(675): CodeIgniter\Model->doFindAll(0, 0)
 6 APPPATH\Models\IncidenciaModel.php(34): CodeIgniter\BaseModel->findAll()
 7 APPPATH\Controllers\Reports.php(361): App\Models\IncidenciaModel->getIncidenciasPorPlano('13')
 8 SYSTEMPATH\CodeIgniter.php(933): App\Controllers\Reports->pdf_mapa_calor('13')
 9 SYSTEMPATH\CodeIgniter.php(507): CodeIgniter\CodeIgniter->runController(Object(App\Controllers\Reports))
10 SYSTEMPATH\CodeIgniter.php(354): CodeIgniter\CodeIgniter->handleRequest(null, Object(Config\Cache), false)
11 SYSTEMPATH\Boot.php(334): CodeIgniter\CodeIgniter->run()
12 SYSTEMPATH\Boot.php(67): CodeIgniter\Boot::runCodeIgniter(Object(CodeIgniter\CodeIgniter))
13 FCPATH\index.php(56): CodeIgniter\Boot::bootWeb(Object(Config\Paths))
CRITICAL - 2025-03-23 13:46:40 --> [Caused by] mysqli_sql_exception: Unknown column 'id_plano' in 'WHERE'
in SYSTEMPATH\Database\MySQLi\Connection.php on line 327.
 1 SYSTEMPATH\Database\MySQLi\Connection.php(327): mysqli->query('SELECT *
FROM `trampas`
WHERE `id_plano` = \'13\'', 0)
 2 SYSTEMPATH\Database\BaseConnection.php(738): CodeIgniter\Database\MySQLi\Connection->execute('SELECT *
FROM `trampas`
WHERE `id_plano` = \'13\'')
 3 SYSTEMPATH\Database\BaseConnection.php(652): CodeIgniter\Database\BaseConnection->simpleQuery('SELECT *
FROM `trampas`
WHERE `id_plano` = \'13\'')
 4 SYSTEMPATH\Database\BaseBuilder.php(1649): CodeIgniter\Database\BaseConnection->query('SELECT *
FROM `trampas`
WHERE `id_plano` = :id_plano:', [...], false)
 5 SYSTEMPATH\Model.php(286): CodeIgniter\Database\BaseBuilder->get()
 6 SYSTEMPATH\BaseModel.php(675): CodeIgniter\Model->doFindAll(0, 0)
 7 APPPATH\Models\IncidenciaModel.php(34): CodeIgniter\BaseModel->findAll()
 8 APPPATH\Controllers\Reports.php(361): App\Models\IncidenciaModel->getIncidenciasPorPlano('13')
 9 SYSTEMPATH\CodeIgniter.php(933): App\Controllers\Reports->pdf_mapa_calor('13')
10 SYSTEMPATH\CodeIgniter.php(507): CodeIgniter\CodeIgniter->runController(Object(App\Controllers\Reports))
11 SYSTEMPATH\CodeIgniter.php(354): CodeIgniter\CodeIgniter->handleRequest(null, Object(Config\Cache), false)
12 SYSTEMPATH\Boot.php(334): CodeIgniter\CodeIgniter->run()
13 SYSTEMPATH\Boot.php(67): CodeIgniter\Boot::runCodeIgniter(Object(CodeIgniter\CodeIgniter))
14 FCPATH\index.php(56): CodeIgniter\Boot::bootWeb(Object(Config\Paths))
