CRITICAL - 2025-03-27 22:49:28 --> Error: Call to undefined function App\Controllers\imagecreatetruecolor()
[Method: GET, Route: locations/generarPDF/7]
in APPPATH\Controllers\Locations.php on line 315.
 1 APPPATH\Controllers\Locations.php(667): App\Controllers\Locations->createBarChartImage([...], [...], 'Plagas con Mayor Presencia - March 2025', 'rgba(255, 99, 132, 0.8)')
 2 SYSTEMPATH\CodeIgniter.php(933): App\Controllers\Locations->generarPDF('7')
 3 SYSTEMPATH\CodeIgniter.php(507): CodeIgniter\CodeIgniter->runController(Object(App\Controllers\Locations))
 4 SYSTEMPATH\CodeIgniter.php(354): CodeIgniter\CodeIgniter->handleRequest(null, Object(Config\Cache), false)
 5 SYSTEMPATH\Boot.php(334): CodeIgniter\CodeIgniter->run()
 6 SYSTEMPATH\Boot.php(67): CodeIgniter\Boot::runCodeIgniter(Object(CodeIgniter\CodeIgniter))
 7 FCPATH\index.php(56): CodeIgniter\Boot::bootWeb(Object(Config\Paths))
CRITICAL - 2025-03-27 22:49:41 --> Error: Call to undefined function App\Controllers\imagecreatetruecolor()
[Method: GET, Route: locations/generarPDF/7]
in APPPATH\Controllers\Locations.php on line 315.
 1 APPPATH\Controllers\Locations.php(667): App\Controllers\Locations->createBarChartImage([...], [...], 'Plagas con Mayor Presencia - March 2025', 'rgba(255, 99, 132, 0.8)')
 2 SYSTEMPATH\CodeIgniter.php(933): App\Controllers\Locations->generarPDF('7')
 3 SYSTEMPATH\CodeIgniter.php(507): CodeIgniter\CodeIgniter->runController(Object(App\Controllers\Locations))
 4 SYSTEMPATH\CodeIgniter.php(354): CodeIgniter\CodeIgniter->handleRequest(null, Object(Config\Cache), false)
 5 SYSTEMPATH\Boot.php(334): CodeIgniter\CodeIgniter->run()
 6 SYSTEMPATH\Boot.php(67): CodeIgniter\Boot::runCodeIgniter(Object(CodeIgniter\CodeIgniter))
 7 FCPATH\index.php(56): CodeIgniter\Boot::bootWeb(Object(Config\Paths))
CRITICAL - 2025-03-27 22:51:14 --> Error: Call to undefined function App\Controllers\imagecreatetruecolor()
[Method: GET, Route: locations/generarPDF/7]
in APPPATH\Controllers\Locations.php on line 315.
 1 APPPATH\Controllers\Locations.php(736): App\Controllers\Locations->createBarChartImage([...], [...], 'Plagas con Mayor Presencia - March 2025', 'rgba(255, 99, 132, 0.8)')
 2 APPPATH\Controllers\Locations.php(656): App\Controllers\Locations->generarGraficaPlagasMayorPresencia(Object(CodeIgniter\Database\MySQLi\Connection), '7', [...])
 3 SYSTEMPATH\CodeIgniter.php(933): App\Controllers\Locations->generarPDF('7')
 4 SYSTEMPATH\CodeIgniter.php(507): CodeIgniter\CodeIgniter->runController(Object(App\Controllers\Locations))
 5 SYSTEMPATH\CodeIgniter.php(354): CodeIgniter\CodeIgniter->handleRequest(null, Object(Config\Cache), false)
 6 SYSTEMPATH\Boot.php(334): CodeIgniter\CodeIgniter->run()
 7 SYSTEMPATH\Boot.php(67): CodeIgniter\Boot::runCodeIgniter(Object(CodeIgniter\CodeIgniter))
 8 FCPATH\index.php(56): CodeIgniter\Boot::bootWeb(Object(Config\Paths))
CRITICAL - 2025-03-27 23:21:24 --> ErrorException: Undefined variable $plano
[Method: GET, Route: reports/pdf_trampas/13]
in APPPATH\Views\reportes\pdf_trampas.php on line 6.
 1 APPPATH\Views\reportes\pdf_trampas.php(6): CodeIgniter\Debug\Exceptions->errorHandler(2, 'Undefined variable $plano', 'C:\\xampp\\htdocs\\Servipro_pruebareal\\app\\Views\\reportes\\pdf_trampas.php', 6)
 2 SYSTEMPATH\View\View.php(224): include('C:\\xampp\\htdocs\\Servipro_pruebareal\\app\\Views\\reportes\\pdf_trampas.php')
 3 SYSTEMPATH\View\View.php(227): CodeIgniter\View\View->CodeIgniter\View\{closure}()
 4 SYSTEMPATH\Common.php(1173): CodeIgniter\View\View->render('reportes/pdf_trampas', [], true)
 5 APPPATH\Controllers\Reports.php(76): view('reportes/pdf_trampas', [...])
 6 SYSTEMPATH\CodeIgniter.php(933): App\Controllers\Reports->pdf_trampas('13')
 7 SYSTEMPATH\CodeIgniter.php(507): CodeIgniter\CodeIgniter->runController(Object(App\Controllers\Reports))
 8 SYSTEMPATH\CodeIgniter.php(354): CodeIgniter\CodeIgniter->handleRequest(null, Object(Config\Cache), false)
 9 SYSTEMPATH\Boot.php(334): CodeIgniter\CodeIgniter->run()
10 SYSTEMPATH\Boot.php(67): CodeIgniter\Boot::runCodeIgniter(Object(CodeIgniter\CodeIgniter))
11 FCPATH\index.php(56): CodeIgniter\Boot::bootWeb(Object(Config\Paths))
CRITICAL - 2025-03-27 23:33:00 --> ErrorException: Undefined variable $trampas
[Method: GET, Route: locations]
in APPPATH\Views\locations\index.php on line 230.
 1 APPPATH\Views\locations\index.php(230): CodeIgniter\Debug\Exceptions->errorHandler(2, 'Undefined variable $trampas', 'C:\\xampp\\htdocs\\Servipro_pruebareal\\app\\Views\\locations\\index.php', 230)
 2 SYSTEMPATH\View\View.php(224): include('C:\\xampp\\htdocs\\Servipro_pruebareal\\app\\Views\\locations\\index.php')
 3 SYSTEMPATH\View\View.php(227): CodeIgniter\View\View->CodeIgniter\View\{closure}()
 4 SYSTEMPATH\Common.php(1173): CodeIgniter\View\View->render('locations/index', [], true)
 5 APPPATH\Controllers\Locations.php(290): view('locations/index', [...])
 6 SYSTEMPATH\CodeIgniter.php(933): App\Controllers\Locations->index()
 7 SYSTEMPATH\CodeIgniter.php(507): CodeIgniter\CodeIgniter->runController(Object(App\Controllers\Locations))
 8 SYSTEMPATH\CodeIgniter.php(354): CodeIgniter\CodeIgniter->handleRequest(null, Object(Config\Cache), false)
 9 SYSTEMPATH\Boot.php(334): CodeIgniter\CodeIgniter->run()
10 SYSTEMPATH\Boot.php(67): CodeIgniter\Boot::runCodeIgniter(Object(CodeIgniter\CodeIgniter))
11 FCPATH\index.php(56): CodeIgniter\Boot::bootWeb(Object(Config\Paths))
CRITICAL - 2025-03-27 23:33:21 --> ErrorException: Undefined variable $trampas
[Method: GET, Route: locations]
in APPPATH\Views\locations\index.php on line 230.
 1 APPPATH\Views\locations\index.php(230): CodeIgniter\Debug\Exceptions->errorHandler(2, 'Undefined variable $trampas', 'C:\\xampp\\htdocs\\Servipro_pruebareal\\app\\Views\\locations\\index.php', 230)
 2 SYSTEMPATH\View\View.php(224): include('C:\\xampp\\htdocs\\Servipro_pruebareal\\app\\Views\\locations\\index.php')
 3 SYSTEMPATH\View\View.php(227): CodeIgniter\View\View->CodeIgniter\View\{closure}()
 4 SYSTEMPATH\Common.php(1173): CodeIgniter\View\View->render('locations/index', [], true)
 5 APPPATH\Controllers\Locations.php(291): view('locations/index', [...])
 6 SYSTEMPATH\CodeIgniter.php(933): App\Controllers\Locations->index()
 7 SYSTEMPATH\CodeIgniter.php(507): CodeIgniter\CodeIgniter->runController(Object(App\Controllers\Locations))
 8 SYSTEMPATH\CodeIgniter.php(354): CodeIgniter\CodeIgniter->handleRequest(null, Object(Config\Cache), false)
 9 SYSTEMPATH\Boot.php(334): CodeIgniter\CodeIgniter->run()
10 SYSTEMPATH\Boot.php(67): CodeIgniter\Boot::runCodeIgniter(Object(CodeIgniter\CodeIgniter))
11 FCPATH\index.php(56): CodeIgniter\Boot::bootWeb(Object(Config\Paths))
CRITICAL - 2025-03-27 23:33:24 --> ErrorException: Undefined variable $trampas
[Method: GET, Route: locations]
in APPPATH\Views\locations\index.php on line 230.
 1 APPPATH\Views\locations\index.php(230): CodeIgniter\Debug\Exceptions->errorHandler(2, 'Undefined variable $trampas', 'C:\\xampp\\htdocs\\Servipro_pruebareal\\app\\Views\\locations\\index.php', 230)
 2 SYSTEMPATH\View\View.php(224): include('C:\\xampp\\htdocs\\Servipro_pruebareal\\app\\Views\\locations\\index.php')
 3 SYSTEMPATH\View\View.php(227): CodeIgniter\View\View->CodeIgniter\View\{closure}()
 4 SYSTEMPATH\Common.php(1173): CodeIgniter\View\View->render('locations/index', [], true)
 5 APPPATH\Controllers\Locations.php(291): view('locations/index', [...])
 6 SYSTEMPATH\CodeIgniter.php(933): App\Controllers\Locations->index()
 7 SYSTEMPATH\CodeIgniter.php(507): CodeIgniter\CodeIgniter->runController(Object(App\Controllers\Locations))
 8 SYSTEMPATH\CodeIgniter.php(354): CodeIgniter\CodeIgniter->handleRequest(null, Object(Config\Cache), false)
 9 SYSTEMPATH\Boot.php(334): CodeIgniter\CodeIgniter->run()
10 SYSTEMPATH\Boot.php(67): CodeIgniter\Boot::runCodeIgniter(Object(CodeIgniter\CodeIgniter))
11 FCPATH\index.php(56): CodeIgniter\Boot::bootWeb(Object(Config\Paths))
