CRITICAL - 2025-03-31 00:25:47 --> ParseError: syntax error, unexpected token "<"
[Method: GET, Route: locations]
in APPPATH\Controllers\Locations.php on line 1169.
 1 VENDORPATH\composer\ClassLoader.php(427): Composer\Autoload\{closure}('C:\\xampp\\htdocs\\Servipro_pruebareal\\vendor\\composer/../../app/Controllers/Locations.php')
 2 [internal function]: Composer\Autoload\ClassLoader->loadClass('App\\Controllers\\Locations')
 3 SYSTEMPATH\CodeIgniter.php(885): class_exists('\\App\\Controllers\\Locations', true)
 4 SYSTEMPATH\CodeIgniter.php(494): CodeIgniter\CodeIgniter->startController()
 5 SYSTEMPATH\CodeIgniter.php(354): CodeIgniter\CodeIgniter->handleRequest(null, Object(Config\Cache), false)
 6 SYSTEMPATH\Boot.php(334): CodeIgniter\CodeIgniter->run()
 7 SYSTEMPATH\Boot.php(67): CodeIgniter\Boot::runCodeIgniter(Object(CodeIgniter\CodeIgniter))
 8 FCPATH\index.php(56): CodeIgniter\Boot::bootWeb(Object(Config\Paths))
CRITICAL - 2025-03-31 00:26:02 --> ParseError: syntax error, unexpected token "<"
[Method: GET, Route: locations]
in APPPATH\Controllers\Locations.php on line 1169.
 1 VENDORPATH\composer\ClassLoader.php(427): Composer\Autoload\{closure}('C:\\xampp\\htdocs\\Servipro_pruebareal\\vendor\\composer/../../app/Controllers/Locations.php')
 2 [internal function]: Composer\Autoload\ClassLoader->loadClass('App\\Controllers\\Locations')
 3 SYSTEMPATH\CodeIgniter.php(885): class_exists('\\App\\Controllers\\Locations', true)
 4 SYSTEMPATH\CodeIgniter.php(494): CodeIgniter\CodeIgniter->startController()
 5 SYSTEMPATH\CodeIgniter.php(354): CodeIgniter\CodeIgniter->handleRequest(null, Object(Config\Cache), false)
 6 SYSTEMPATH\Boot.php(334): CodeIgniter\CodeIgniter->run()
 7 SYSTEMPATH\Boot.php(67): CodeIgniter\Boot::runCodeIgniter(Object(CodeIgniter\CodeIgniter))
 8 FCPATH\index.php(56): CodeIgniter\Boot::bootWeb(Object(Config\Paths))
CRITICAL - 2025-03-31 00:26:10 --> ParseError: syntax error, unexpected token "<"
[Method: GET, Route: locations]
in APPPATH\Controllers\Locations.php on line 1169.
 1 VENDORPATH\composer\ClassLoader.php(427): Composer\Autoload\{closure}('C:\\xampp\\htdocs\\Servipro_pruebareal\\vendor\\composer/../../app/Controllers/Locations.php')
 2 [internal function]: Composer\Autoload\ClassLoader->loadClass('App\\Controllers\\Locations')
 3 SYSTEMPATH\CodeIgniter.php(885): class_exists('\\App\\Controllers\\Locations', true)
 4 SYSTEMPATH\CodeIgniter.php(494): CodeIgniter\CodeIgniter->startController()
 5 SYSTEMPATH\CodeIgniter.php(354): CodeIgniter\CodeIgniter->handleRequest(null, Object(Config\Cache), false)
 6 SYSTEMPATH\Boot.php(334): CodeIgniter\CodeIgniter->run()
 7 SYSTEMPATH\Boot.php(67): CodeIgniter\Boot::runCodeIgniter(Object(CodeIgniter\CodeIgniter))
 8 FCPATH\index.php(56): CodeIgniter\Boot::bootWeb(Object(Config\Paths))
ERROR - 2025-03-31 00:54:26 --> La extensión GD no está disponible para generar gráficos
ERROR - 2025-03-31 00:54:26 --> La extensión GD no está disponible para generar gráficos
